/home/vboxuser/Desktop/contest repo/competition/install/mia_robotics/lib/python3.12/site-packages/mia_robotics/camera.py
/home/vboxuser/Desktop/contest repo/competition/install/mia_robotics/lib/python3.12/site-packages/mia_robotics/contest_pilot.py
/home/vboxuser/Desktop/contest repo/competition/install/mia_robotics/lib/python3.12/site-packages/mia_robotics/yolo_reading.py
/home/vboxuser/Desktop/contest repo/competition/install/mia_robotics/lib/python3.12/site-packages/mia_robotics/main.py
/home/vboxuser/Desktop/contest repo/competition/install/mia_robotics/lib/python3.12/site-packages/mia_robotics/auto_navg.py
/home/vboxuser/Desktop/contest repo/competition/install/mia_robotics/lib/python3.12/site-packages/mia_robotics/__init__.py
/home/vboxuser/Desktop/contest repo/competition/install/mia_robotics/lib/python3.12/site-packages/mia_robotics/best.pt
/home/vboxuser/Desktop/contest repo/competition/install/mia_robotics/lib/python3.12/site-packages/mia_robotics/__pycache__/camera.cpython-312.pyc
/home/vboxuser/Desktop/contest repo/competition/install/mia_robotics/lib/python3.12/site-packages/mia_robotics/__pycache__/contest_pilot.cpython-312.pyc
/home/vboxuser/Desktop/contest repo/competition/install/mia_robotics/lib/python3.12/site-packages/mia_robotics/__pycache__/yolo_reading.cpython-312.pyc
/home/vboxuser/Desktop/contest repo/competition/install/mia_robotics/lib/python3.12/site-packages/mia_robotics/__pycache__/main.cpython-312.pyc
/home/vboxuser/Desktop/contest repo/competition/install/mia_robotics/lib/python3.12/site-packages/mia_robotics/__pycache__/auto_navg.cpython-312.pyc
/home/vboxuser/Desktop/contest repo/competition/install/mia_robotics/lib/python3.12/site-packages/mia_robotics/__pycache__/__init__.cpython-312.pyc
/home/vboxuser/Desktop/contest repo/competition/install/mia_robotics/share/ament_index/resource_index/packages/mia_robotics
/home/vboxuser/Desktop/contest repo/competition/install/mia_robotics/share/mia_robotics/package.xml
/home/vboxuser/Desktop/contest repo/competition/install/mia_robotics/lib/python3.12/site-packages/mia_robotics-0.0.0-py3.12.egg-info/SOURCES.txt
/home/vboxuser/Desktop/contest repo/competition/install/mia_robotics/lib/python3.12/site-packages/mia_robotics-0.0.0-py3.12.egg-info/PKG-INFO
/home/vboxuser/Desktop/contest repo/competition/install/mia_robotics/lib/python3.12/site-packages/mia_robotics-0.0.0-py3.12.egg-info/dependency_links.txt
/home/vboxuser/Desktop/contest repo/competition/install/mia_robotics/lib/python3.12/site-packages/mia_robotics-0.0.0-py3.12.egg-info/zip-safe
/home/vboxuser/Desktop/contest repo/competition/install/mia_robotics/lib/python3.12/site-packages/mia_robotics-0.0.0-py3.12.egg-info/requires.txt
/home/vboxuser/Desktop/contest repo/competition/install/mia_robotics/lib/python3.12/site-packages/mia_robotics-0.0.0-py3.12.egg-info/top_level.txt
/home/vboxuser/Desktop/contest repo/competition/install/mia_robotics/lib/python3.12/site-packages/mia_robotics-0.0.0-py3.12.egg-info/entry_points.txt
/home/vboxuser/Desktop/contest repo/competition/install/mia_robotics/lib/mia_robotics/auto
/home/vboxuser/Desktop/contest repo/competition/install/mia_robotics/lib/mia_robotics/camera
/home/vboxuser/Desktop/contest repo/competition/install/mia_robotics/lib/mia_robotics/pilot
