[2.364s] Invoking command in '/home/vboxuser/Desktop/contest repo/competition': DEBUGINFOD_URLS=https://debuginfod.ubuntu.com PYTHONPATH=/home/vboxuser/Desktop/contest repo/competition/build/mia_robotics/prefix_override:/usr/lib/python3/dist-packages/colcon_core/task/python/colcon_distutils_commands:/home/vboxuser/Desktop/contest repo/competition/install/mia_robotics/lib/python3.12/site-packages:${PYTHONPATH} /usr/bin/python3 -W ignore:setup.py install is deprecated -W ignore:easy_install command is deprecated setup.py egg_info --egg-base build/mia_robotics build --build-base /home/vboxuser/Desktop/contest repo/competition/build/mia_robotics/build install --record /home/vboxuser/Desktop/contest repo/competition/build/mia_robotics/install.log --install-scripts $base/lib/mia_robotics --single-version-externally-managed install_data
[3.079s] running egg_info
[3.080s] creating build/mia_robotics/mia_robotics.egg-info
[3.134s] writing build/mia_robotics/mia_robotics.egg-info/PKG-INFO
[3.135s] writing dependency_links to build/mia_robotics/mia_robotics.egg-info/dependency_links.txt
[3.135s] writing entry points to build/mia_robotics/mia_robotics.egg-info/entry_points.txt
[3.136s] writing requirements to build/mia_robotics/mia_robotics.egg-info/requires.txt
[3.137s] writing top-level names to build/mia_robotics/mia_robotics.egg-info/top_level.txt
[3.138s] writing manifest file 'build/mia_robotics/mia_robotics.egg-info/SOURCES.txt'
[3.253s] reading manifest file 'build/mia_robotics/mia_robotics.egg-info/SOURCES.txt'
[3.257s] writing manifest file 'build/mia_robotics/mia_robotics.egg-info/SOURCES.txt'
[3.258s] running build
[3.258s] running build_py
[3.259s] creating /home/vboxuser/Desktop/contest repo/competition/build/mia_robotics/build
[3.259s] creating /home/vboxuser/Desktop/contest repo/competition/build/mia_robotics/build/lib
[3.260s] creating /home/vboxuser/Desktop/contest repo/competition/build/mia_robotics/build/lib/mia_robotics
[3.260s] copying mia_robotics/camera.py -> /home/vboxuser/Desktop/contest repo/competition/build/mia_robotics/build/lib/mia_robotics
[3.261s] copying mia_robotics/contest_pilot.py -> /home/vboxuser/Desktop/contest repo/competition/build/mia_robotics/build/lib/mia_robotics
[3.261s] copying mia_robotics/yolo_reading.py -> /home/vboxuser/Desktop/contest repo/competition/build/mia_robotics/build/lib/mia_robotics
[3.262s] copying mia_robotics/main.py -> /home/vboxuser/Desktop/contest repo/competition/build/mia_robotics/build/lib/mia_robotics
[3.262s] copying mia_robotics/auto_navg.py -> /home/vboxuser/Desktop/contest repo/competition/build/mia_robotics/build/lib/mia_robotics
[3.263s] copying mia_robotics/__init__.py -> /home/vboxuser/Desktop/contest repo/competition/build/mia_robotics/build/lib/mia_robotics
[3.266s] running install
[3.287s] running install_lib
[3.355s] creating /home/vboxuser/Desktop/contest repo/competition/install/mia_robotics/lib/python3.12/site-packages/mia_robotics
[3.355s] copying /home/vboxuser/Desktop/contest repo/competition/build/mia_robotics/build/lib/mia_robotics/camera.py -> /home/vboxuser/Desktop/contest repo/competition/install/mia_robotics/lib/python3.12/site-packages/mia_robotics
[3.355s] copying /home/vboxuser/Desktop/contest repo/competition/build/mia_robotics/build/lib/mia_robotics/contest_pilot.py -> /home/vboxuser/Desktop/contest repo/competition/install/mia_robotics/lib/python3.12/site-packages/mia_robotics
[3.356s] copying /home/vboxuser/Desktop/contest repo/competition/build/mia_robotics/build/lib/mia_robotics/yolo_reading.py -> /home/vboxuser/Desktop/contest repo/competition/install/mia_robotics/lib/python3.12/site-packages/mia_robotics
[3.356s] copying /home/vboxuser/Desktop/contest repo/competition/build/mia_robotics/build/lib/mia_robotics/main.py -> /home/vboxuser/Desktop/contest repo/competition/install/mia_robotics/lib/python3.12/site-packages/mia_robotics
[3.356s] copying /home/vboxuser/Desktop/contest repo/competition/build/mia_robotics/build/lib/mia_robotics/auto_navg.py -> /home/vboxuser/Desktop/contest repo/competition/install/mia_robotics/lib/python3.12/site-packages/mia_robotics
[3.357s] copying /home/vboxuser/Desktop/contest repo/competition/build/mia_robotics/build/lib/mia_robotics/__init__.py -> /home/vboxuser/Desktop/contest repo/competition/install/mia_robotics/lib/python3.12/site-packages/mia_robotics
[3.357s] byte-compiling /home/vboxuser/Desktop/contest repo/competition/install/mia_robotics/lib/python3.12/site-packages/mia_robotics/camera.py to camera.cpython-312.pyc
[3.358s] byte-compiling /home/vboxuser/Desktop/contest repo/competition/install/mia_robotics/lib/python3.12/site-packages/mia_robotics/contest_pilot.py to contest_pilot.cpython-312.pyc
[3.360s] byte-compiling /home/vboxuser/Desktop/contest repo/competition/install/mia_robotics/lib/python3.12/site-packages/mia_robotics/yolo_reading.py to yolo_reading.cpython-312.pyc
[3.361s] byte-compiling /home/vboxuser/Desktop/contest repo/competition/install/mia_robotics/lib/python3.12/site-packages/mia_robotics/main.py to main.cpython-312.pyc
[3.361s] byte-compiling /home/vboxuser/Desktop/contest repo/competition/install/mia_robotics/lib/python3.12/site-packages/mia_robotics/auto_navg.py to auto_navg.cpython-312.pyc
[3.366s] byte-compiling /home/vboxuser/Desktop/contest repo/competition/install/mia_robotics/lib/python3.12/site-packages/mia_robotics/__init__.py to __init__.cpython-312.pyc
[3.366s] running install_data
[3.367s] creating /home/vboxuser/Desktop/contest repo/competition/install/mia_robotics/share/ament_index
[3.367s] creating /home/vboxuser/Desktop/contest repo/competition/install/mia_robotics/share/ament_index/resource_index
[3.368s] creating /home/vboxuser/Desktop/contest repo/competition/install/mia_robotics/share/ament_index/resource_index/packages
[3.368s] copying resource/mia_robotics -> /home/vboxuser/Desktop/contest repo/competition/install/mia_robotics/share/ament_index/resource_index/packages
[3.368s] copying package.xml -> /home/vboxuser/Desktop/contest repo/competition/install/mia_robotics/share/mia_robotics
[3.368s] running install_egg_info
[3.423s] Copying build/mia_robotics/mia_robotics.egg-info to /home/vboxuser/Desktop/contest repo/competition/install/mia_robotics/lib/python3.12/site-packages/mia_robotics-0.0.0-py3.12.egg-info
[3.425s] running install_scripts
[3.780s] Installing auto script to /home/vboxuser/Desktop/contest repo/competition/install/mia_robotics/lib/mia_robotics
[3.781s] Installing camera script to /home/vboxuser/Desktop/contest repo/competition/install/mia_robotics/lib/mia_robotics
[3.782s] Installing pilot script to /home/vboxuser/Desktop/contest repo/competition/install/mia_robotics/lib/mia_robotics
[3.782s] writing list of installed files to '/home/vboxuser/Desktop/contest repo/competition/build/mia_robotics/install.log'
[3.845s] Invoked command in '/home/vboxuser/Desktop/contest repo/competition' returned '0': DEBUGINFOD_URLS=https://debuginfod.ubuntu.com PYTHONPATH=/home/vboxuser/Desktop/contest repo/competition/build/mia_robotics/prefix_override:/usr/lib/python3/dist-packages/colcon_core/task/python/colcon_distutils_commands:/home/vboxuser/Desktop/contest repo/competition/install/mia_robotics/lib/python3.12/site-packages:${PYTHONPATH} /usr/bin/python3 -W ignore:setup.py install is deprecated -W ignore:easy_install command is deprecated setup.py egg_info --egg-base build/mia_robotics build --build-base /home/vboxuser/Desktop/contest repo/competition/build/mia_robotics/build install --record /home/vboxuser/Desktop/contest repo/competition/build/mia_robotics/install.log --install-scripts $base/lib/mia_robotics --single-version-externally-managed install_data
