[0.334s] DEBUG:colcon:Command line arguments: ['/usr/bin/colcon', 'build']
[0.334s] DEBUG:colcon:Parsed command line arguments: Namespace(log_base=None, log_level=None, verb_name='build', build_base='build', install_base='install', merge_install=False, symlink_install=False, test_result_base=None, continue_on_error=False, executor='parallel', parallel_workers=3, event_handlers=None, ignore_user_meta=False, metas=['./colcon.meta'], base_paths=['.'], packages_ignore=None, packages_ignore_regex=None, paths=None, packages_up_to=None, packages_up_to_regex=None, packages_above=None, packages_above_and_dependencies=None, packages_above_depth=None, packages_select_by_dep=None, packages_skip_by_dep=None, packages_skip_up_to=None, packages_select_build_failed=False, packages_skip_build_finished=False, packages_select_test_failures=False, packages_skip_test_passed=False, packages_select=None, packages_skip=None, packages_select_regex=None, packages_skip_regex=None, packages_start=None, packages_end=None, allow_overriding=[], cmake_args=None, cmake_target=None, cmake_target_skip_unavailable=False, cmake_clean_cache=False, cmake_clean_first=False, cmake_force_configure=False, ament_cmake_args=None, catkin_cmake_args=None, catkin_skip_building_tests=False, mixin_files=None, mixin=None, verb_parser=<colcon_mixin.mixin.mixin_argument.MixinArgumentDecorator object at 0x70932b3a9160>, verb_extension=<colcon_core.verb.build.BuildVerb object at 0x70932b35f500>, main=<bound method BuildVerb.main of <colcon_core.verb.build.BuildVerb object at 0x70932b35f500>>, mixin_verb=('build',))
[0.440s] Level 1:colcon.colcon_core.package_discovery:discover_packages(colcon_meta) check parameters
[0.440s] Level 1:colcon.colcon_core.package_discovery:discover_packages(recursive) check parameters
[0.440s] Level 1:colcon.colcon_core.package_discovery:discover_packages(ignore) check parameters
[0.440s] Level 1:colcon.colcon_core.package_discovery:discover_packages(path) check parameters
[0.441s] Level 1:colcon.colcon_core.package_discovery:discover_packages(colcon_meta) discover
[0.441s] Level 1:colcon.colcon_core.package_discovery:discover_packages(recursive) discover
[0.441s] INFO:colcon.colcon_core.package_discovery:Crawling recursively for packages in '/home/vboxuser/Desktop/contest repo/competition'
[0.441s] Level 1:colcon.colcon_core.package_identification:_identify(.) by extensions ['ignore', 'ignore_ament_install']
[0.442s] Level 1:colcon.colcon_core.package_identification:_identify(.) by extension 'ignore'
[0.442s] Level 1:colcon.colcon_core.package_identification:_identify(.) by extension 'ignore_ament_install'
[0.442s] Level 1:colcon.colcon_core.package_identification:_identify(.) by extensions ['colcon_pkg']
[0.442s] Level 1:colcon.colcon_core.package_identification:_identify(.) by extension 'colcon_pkg'
[0.442s] Level 1:colcon.colcon_core.package_identification:_identify(.) by extensions ['colcon_meta']
[0.442s] Level 1:colcon.colcon_core.package_identification:_identify(.) by extension 'colcon_meta'
[0.442s] Level 1:colcon.colcon_core.package_identification:_identify(.) by extensions ['ros']
[0.443s] Level 1:colcon.colcon_core.package_identification:_identify(.) by extension 'ros'
[0.525s] DEBUG:colcon.colcon_core.package_identification:Package '.' with type 'ros.ament_python' and name 'mia_robotics'
[0.525s] Level 1:colcon.colcon_core.package_discovery:discover_packages(recursive) using defaults
[0.525s] Level 1:colcon.colcon_core.package_discovery:discover_packages(ignore) discover
[0.525s] Level 1:colcon.colcon_core.package_discovery:discover_packages(ignore) using defaults
[0.525s] Level 1:colcon.colcon_core.package_discovery:discover_packages(path) discover
[0.525s] Level 1:colcon.colcon_core.package_discovery:discover_packages(path) using defaults
[0.577s] Level 1:colcon.colcon_core.package_discovery:discover_packages(prefix_path) check parameters
[0.577s] Level 1:colcon.colcon_core.package_discovery:discover_packages(prefix_path) discover
[0.580s] WARNING:colcon.colcon_ros.prefix_path.ament:The path '/home/vboxuser/Desktop/contest repo/competition/install/mia_robotics' in the environment variable AMENT_PREFIX_PATH doesn't exist
[0.585s] DEBUG:colcon.colcon_installed_package_information.package_discovery:Found 3 installed packages in /home/vboxuser/microros_ws/install
[0.586s] DEBUG:colcon.colcon_installed_package_information.package_discovery:Found 1 installed packages in /home/vboxuser/training_ws/install
[0.586s] DEBUG:colcon.colcon_installed_package_information.package_discovery:Found 1 installed packages in /home/vboxuser/ros2_ws/install
[0.587s] DEBUG:colcon.colcon_installed_package_information.package_discovery:Found 0 installed packages in /home/vboxuser/Desktop/contest repo/competition/install
[0.588s] DEBUG:colcon.colcon_installed_package_information.package_discovery:Found 4 installed packages in /home/vboxuser/compdrivers_ws/install
[0.593s] DEBUG:colcon.colcon_installed_package_information.package_discovery:Found 347 installed packages in /opt/ros/jazzy
[0.598s] Level 1:colcon.colcon_core.package_discovery:discover_packages(prefix_path) using defaults
[0.737s] Level 5:colcon.colcon_core.verb:set package 'mia_robotics' build argument 'cmake_args' from command line to 'None'
[0.737s] Level 5:colcon.colcon_core.verb:set package 'mia_robotics' build argument 'cmake_target' from command line to 'None'
[0.737s] Level 5:colcon.colcon_core.verb:set package 'mia_robotics' build argument 'cmake_target_skip_unavailable' from command line to 'False'
[0.737s] Level 5:colcon.colcon_core.verb:set package 'mia_robotics' build argument 'cmake_clean_cache' from command line to 'False'
[0.737s] Level 5:colcon.colcon_core.verb:set package 'mia_robotics' build argument 'cmake_clean_first' from command line to 'False'
[0.737s] Level 5:colcon.colcon_core.verb:set package 'mia_robotics' build argument 'cmake_force_configure' from command line to 'False'
[0.737s] Level 5:colcon.colcon_core.verb:set package 'mia_robotics' build argument 'ament_cmake_args' from command line to 'None'
[0.737s] Level 5:colcon.colcon_core.verb:set package 'mia_robotics' build argument 'catkin_cmake_args' from command line to 'None'
[0.737s] Level 5:colcon.colcon_core.verb:set package 'mia_robotics' build argument 'catkin_skip_building_tests' from command line to 'False'
[0.737s] DEBUG:colcon.colcon_core.verb:Building package 'mia_robotics' with the following arguments: {'ament_cmake_args': None, 'build_base': '/home/vboxuser/Desktop/contest repo/competition/build/mia_robotics', 'catkin_cmake_args': None, 'catkin_skip_building_tests': False, 'cmake_args': None, 'cmake_clean_cache': False, 'cmake_clean_first': False, 'cmake_force_configure': False, 'cmake_target': None, 'cmake_target_skip_unavailable': False, 'install_base': '/home/vboxuser/Desktop/contest repo/competition/install/mia_robotics', 'merge_install': False, 'path': '/home/vboxuser/Desktop/contest repo/competition', 'symlink_install': False, 'test_result_base': None}
[0.738s] INFO:colcon.colcon_core.executor:Executing jobs using 'parallel' executor
[0.739s] DEBUG:colcon.colcon_parallel_executor.executor.parallel:run_until_complete
[0.740s] INFO:colcon.colcon_ros.task.ament_python.build:Building ROS package in '/home/vboxuser/Desktop/contest repo/competition' with build type 'ament_python'
[0.740s] Level 1:colcon.colcon_core.shell:create_environment_hook('mia_robotics', 'ament_prefix_path')
[0.753s] INFO:colcon.colcon_core.plugin_system:Skipping extension 'colcon_core.shell.bat': Not used on non-Windows systems
[0.754s] INFO:colcon.colcon_core.shell:Creating environment hook '/home/vboxuser/Desktop/contest repo/competition/install/mia_robotics/share/mia_robotics/hook/ament_prefix_path.ps1'
[0.755s] INFO:colcon.colcon_core.shell:Creating environment descriptor '/home/vboxuser/Desktop/contest repo/competition/install/mia_robotics/share/mia_robotics/hook/ament_prefix_path.dsv'
[0.756s] INFO:colcon.colcon_core.shell:Creating environment hook '/home/vboxuser/Desktop/contest repo/competition/install/mia_robotics/share/mia_robotics/hook/ament_prefix_path.sh'
[0.762s] INFO:colcon.colcon_core.shell:Skip shell extension 'powershell' for command environment: Not usable outside of PowerShell
[0.762s] DEBUG:colcon.colcon_core.shell:Skip shell extension 'dsv' for command environment
[1.321s] INFO:colcon.colcon_core.task.python.build:Building Python package in '/home/vboxuser/Desktop/contest repo/competition'
[1.322s] INFO:colcon.colcon_core.shell:Skip shell extension 'powershell' for command environment: Not usable outside of PowerShell
[1.322s] DEBUG:colcon.colcon_core.shell:Skip shell extension 'dsv' for command environment
[3.101s] DEBUG:colcon.colcon_core.task.python.build:Available setuptools commands: init_catalog, build_scripts, register, check, build, upload, bdist_rpm, develop, build_ext, install_data, egg_info, install_scripts, rotate, bdist_wheel, alias, update_catalog, install_egg_info, build_py, bdist_dumb, test, easy_install, upload_docs, install_lib, setopt, dist_info, symlink_data, sdist, install, extract_messages, saveopts, build_clib, bdist_egg, clean, install_headers, bdist, editable_wheel, compile_catalog
[3.104s] DEBUG:colcon.colcon_core.event_handler.log_command:Invoking command in '/home/vboxuser/Desktop/contest repo/competition': DEBUGINFOD_URLS=https://debuginfod.ubuntu.com PYTHONPATH=/home/vboxuser/Desktop/contest repo/competition/build/mia_robotics/prefix_override:/usr/lib/python3/dist-packages/colcon_core/task/python/colcon_distutils_commands:/home/vboxuser/Desktop/contest repo/competition/install/mia_robotics/lib/python3.12/site-packages:${PYTHONPATH} /usr/bin/python3 -W ignore:setup.py install is deprecated -W ignore:easy_install command is deprecated setup.py egg_info --egg-base build/mia_robotics build --build-base /home/vboxuser/Desktop/contest repo/competition/build/mia_robotics/build install --record /home/vboxuser/Desktop/contest repo/competition/build/mia_robotics/install.log --install-scripts $base/lib/mia_robotics --single-version-externally-managed install_data
[4.586s] DEBUG:colcon.colcon_core.event_handler.log_command:Invoked command in '/home/vboxuser/Desktop/contest repo/competition' returned '0': DEBUGINFOD_URLS=https://debuginfod.ubuntu.com PYTHONPATH=/home/vboxuser/Desktop/contest repo/competition/build/mia_robotics/prefix_override:/usr/lib/python3/dist-packages/colcon_core/task/python/colcon_distutils_commands:/home/vboxuser/Desktop/contest repo/competition/install/mia_robotics/lib/python3.12/site-packages:${PYTHONPATH} /usr/bin/python3 -W ignore:setup.py install is deprecated -W ignore:easy_install command is deprecated setup.py egg_info --egg-base build/mia_robotics build --build-base /home/vboxuser/Desktop/contest repo/competition/build/mia_robotics/build install --record /home/vboxuser/Desktop/contest repo/competition/build/mia_robotics/install.log --install-scripts $base/lib/mia_robotics --single-version-externally-managed install_data
[4.604s] Level 1:colcon.colcon_core.environment:checking '/home/vboxuser/Desktop/contest repo/competition/install/mia_robotics' for CMake module files
[4.605s] Level 1:colcon.colcon_core.environment:checking '/home/vboxuser/Desktop/contest repo/competition/install/mia_robotics' for CMake config files
[4.607s] Level 1:colcon.colcon_core.environment:checking '/home/vboxuser/Desktop/contest repo/competition/install/mia_robotics/lib'
[4.611s] Level 1:colcon.colcon_core.environment:checking '/home/vboxuser/Desktop/contest repo/competition/install/mia_robotics/bin'
[4.611s] Level 1:colcon.colcon_core.environment:checking '/home/vboxuser/Desktop/contest repo/competition/install/mia_robotics/lib/pkgconfig/mia_robotics.pc'
[4.612s] Level 1:colcon.colcon_core.environment:checking '/home/vboxuser/Desktop/contest repo/competition/install/mia_robotics/lib/python3.12/site-packages'
[4.612s] Level 1:colcon.colcon_core.shell:create_environment_hook('mia_robotics', 'pythonpath')
[4.615s] INFO:colcon.colcon_core.shell:Creating environment hook '/home/vboxuser/Desktop/contest repo/competition/install/mia_robotics/share/mia_robotics/hook/pythonpath.ps1'
[4.616s] INFO:colcon.colcon_core.shell:Creating environment descriptor '/home/vboxuser/Desktop/contest repo/competition/install/mia_robotics/share/mia_robotics/hook/pythonpath.dsv'
[4.616s] INFO:colcon.colcon_core.shell:Creating environment hook '/home/vboxuser/Desktop/contest repo/competition/install/mia_robotics/share/mia_robotics/hook/pythonpath.sh'
[4.619s] Level 1:colcon.colcon_core.environment:checking '/home/vboxuser/Desktop/contest repo/competition/install/mia_robotics/bin'
[4.620s] Level 1:colcon.colcon_core.environment:create_environment_scripts_only(mia_robotics)
[4.620s] INFO:colcon.colcon_core.shell:Creating package script '/home/vboxuser/Desktop/contest repo/competition/install/mia_robotics/share/mia_robotics/package.ps1'
[4.623s] INFO:colcon.colcon_core.shell:Creating package descriptor '/home/vboxuser/Desktop/contest repo/competition/install/mia_robotics/share/mia_robotics/package.dsv'
[4.624s] INFO:colcon.colcon_core.shell:Creating package script '/home/vboxuser/Desktop/contest repo/competition/install/mia_robotics/share/mia_robotics/package.sh'
[4.626s] INFO:colcon.colcon_core.shell:Creating package script '/home/vboxuser/Desktop/contest repo/competition/install/mia_robotics/share/mia_robotics/package.bash'
[4.628s] INFO:colcon.colcon_core.shell:Creating package script '/home/vboxuser/Desktop/contest repo/competition/install/mia_robotics/share/mia_robotics/package.zsh'
[4.630s] Level 1:colcon.colcon_core.environment:create_file_with_runtime_dependencies(/home/vboxuser/Desktop/contest repo/competition/install/mia_robotics/share/colcon-core/packages/mia_robotics)
[4.631s] DEBUG:colcon.colcon_parallel_executor.executor.parallel:closing loop
[4.631s] DEBUG:colcon.colcon_parallel_executor.executor.parallel:loop closed
[4.631s] DEBUG:colcon.colcon_parallel_executor.executor.parallel:run_until_complete finished with '0'
[4.631s] DEBUG:colcon.colcon_core.event_reactor:joining thread
[4.665s] INFO:colcon.colcon_core.plugin_system:Skipping extension 'colcon_notification.desktop_notification.terminal_notifier': Not used on non-Darwin systems
[4.665s] INFO:colcon.colcon_core.plugin_system:Skipping extension 'colcon_notification.desktop_notification.win32': Not used on non-Windows systems
[4.665s] INFO:colcon.colcon_notification.desktop_notification:Sending desktop notification using 'notify2'
[4.699s] DEBUG:colcon.colcon_core.event_reactor:joined thread
[4.706s] INFO:colcon.colcon_core.shell:Creating prefix script '/home/vboxuser/Desktop/contest repo/competition/install/local_setup.ps1'
[4.709s] INFO:colcon.colcon_core.shell:Creating prefix util module '/home/vboxuser/Desktop/contest repo/competition/install/_local_setup_util_ps1.py'
[4.714s] INFO:colcon.colcon_core.shell:Creating prefix chain script '/home/vboxuser/Desktop/contest repo/competition/install/setup.ps1'
[4.723s] INFO:colcon.colcon_core.shell:Creating prefix script '/home/vboxuser/Desktop/contest repo/competition/install/local_setup.sh'
[4.728s] INFO:colcon.colcon_core.shell:Creating prefix util module '/home/vboxuser/Desktop/contest repo/competition/install/_local_setup_util_sh.py'
[4.729s] INFO:colcon.colcon_core.shell:Creating prefix chain script '/home/vboxuser/Desktop/contest repo/competition/install/setup.sh'
[4.737s] INFO:colcon.colcon_core.shell:Creating prefix script '/home/vboxuser/Desktop/contest repo/competition/install/local_setup.bash'
[4.740s] INFO:colcon.colcon_core.shell:Creating prefix chain script '/home/vboxuser/Desktop/contest repo/competition/install/setup.bash'
[4.744s] INFO:colcon.colcon_core.shell:Creating prefix script '/home/vboxuser/Desktop/contest repo/competition/install/local_setup.zsh'
[4.745s] INFO:colcon.colcon_core.shell:Creating prefix chain script '/home/vboxuser/Desktop/contest repo/competition/install/setup.zsh'
