[10800.236s] DEBUG:colcon:Command line arguments: ['/usr/bin/colcon', 'build']
[10800.236s] DEBUG:colcon:Parsed command line arguments: Namespace(log_base=None, log_level=None, verb_name='build', build_base='build', install_base='install', merge_install=False, symlink_install=False, test_result_base=None, continue_on_error=False, executor='parallel', parallel_workers=3, event_handlers=None, ignore_user_meta=False, metas=['./colcon.meta'], base_paths=['.'], packages_ignore=None, packages_ignore_regex=None, paths=None, packages_up_to=None, packages_up_to_regex=None, packages_above=None, packages_above_and_dependencies=None, packages_above_depth=None, packages_select_by_dep=None, packages_skip_by_dep=None, packages_skip_up_to=None, packages_select_build_failed=False, packages_skip_build_finished=False, packages_select_test_failures=False, packages_skip_test_passed=False, packages_select=None, packages_skip=None, packages_select_regex=None, packages_skip_regex=None, packages_start=None, packages_end=None, allow_overriding=[], cmake_args=None, cmake_target=None, cmake_target_skip_unavailable=False, cmake_clean_cache=False, cmake_clean_first=False, cmake_force_configure=False, ament_cmake_args=None, catkin_cmake_args=None, catkin_skip_building_tests=False, mixin_files=None, mixin=None, verb_parser=<colcon_mixin.mixin.mixin_argument.MixinArgumentDecorator object at 0x7da9aaaa1820>, verb_extension=<colcon_core.verb.build.BuildVerb object at 0x7da9aaaa1490>, main=<bound method BuildVerb.main of <colcon_core.verb.build.BuildVerb object at 0x7da9aaaa1490>>, mixin_verb=('build',))
[10800.334s] Level 1:colcon.colcon_core.package_discovery:discover_packages(colcon_meta) check parameters
[10800.334s] Level 1:colcon.colcon_core.package_discovery:discover_packages(recursive) check parameters
[10800.334s] Level 1:colcon.colcon_core.package_discovery:discover_packages(ignore) check parameters
[10800.334s] Level 1:colcon.colcon_core.package_discovery:discover_packages(path) check parameters
[10800.335s] Level 1:colcon.colcon_core.package_discovery:discover_packages(colcon_meta) discover
[10800.337s] Level 1:colcon.colcon_core.package_discovery:discover_packages(recursive) discover
[10800.337s] INFO:colcon.colcon_core.package_discovery:Crawling recursively for packages in '/home/vboxuser/Desktop/contest repo/competition'
[10800.337s] Level 1:colcon.colcon_core.package_identification:_identify(.) by extensions ['ignore', 'ignore_ament_install']
[10800.338s] Level 1:colcon.colcon_core.package_identification:_identify(.) by extension 'ignore'
[10800.338s] Level 1:colcon.colcon_core.package_identification:_identify(.) by extension 'ignore_ament_install'
[10800.338s] Level 1:colcon.colcon_core.package_identification:_identify(.) by extensions ['colcon_pkg']
[10800.338s] Level 1:colcon.colcon_core.package_identification:_identify(.) by extension 'colcon_pkg'
[10800.339s] Level 1:colcon.colcon_core.package_identification:_identify(.) by extensions ['colcon_meta']
[10800.339s] Level 1:colcon.colcon_core.package_identification:_identify(.) by extension 'colcon_meta'
[10800.339s] Level 1:colcon.colcon_core.package_identification:_identify(.) by extensions ['ros']
[10800.339s] Level 1:colcon.colcon_core.package_identification:_identify(.) by extension 'ros'
[10800.414s] DEBUG:colcon.colcon_core.package_identification:Package '.' with type 'ros.ament_python' and name 'mia_robotics'
[10800.414s] Level 1:colcon.colcon_core.package_discovery:discover_packages(recursive) using defaults
[10800.414s] Level 1:colcon.colcon_core.package_discovery:discover_packages(ignore) discover
[10800.414s] Level 1:colcon.colcon_core.package_discovery:discover_packages(ignore) using defaults
[10800.414s] Level 1:colcon.colcon_core.package_discovery:discover_packages(path) discover
[10800.414s] Level 1:colcon.colcon_core.package_discovery:discover_packages(path) using defaults
[10800.465s] Level 1:colcon.colcon_core.package_discovery:discover_packages(prefix_path) check parameters
[10800.465s] Level 1:colcon.colcon_core.package_discovery:discover_packages(prefix_path) discover
[10800.470s] DEBUG:colcon.colcon_installed_package_information.package_discovery:Found 1 installed packages in /home/vboxuser/Desktop/contest repo/competition/install
[10800.471s] DEBUG:colcon.colcon_installed_package_information.package_discovery:Found 4 installed packages in /home/vboxuser/compdrivers_ws/install
[10800.472s] DEBUG:colcon.colcon_installed_package_information.package_discovery:Found 3 installed packages in /home/vboxuser/microros_ws/install
[10800.473s] DEBUG:colcon.colcon_installed_package_information.package_discovery:Found 1 installed packages in /home/vboxuser/training_ws/install
[10800.473s] DEBUG:colcon.colcon_installed_package_information.package_discovery:Found 1 installed packages in /home/vboxuser/ros2_ws/install
[10800.478s] DEBUG:colcon.colcon_installed_package_information.package_discovery:Found 347 installed packages in /opt/ros/jazzy
[10800.483s] Level 1:colcon.colcon_core.package_discovery:discover_packages(prefix_path) using defaults
[10800.627s] Level 5:colcon.colcon_core.verb:set package 'mia_robotics' build argument 'cmake_args' from command line to 'None'
[10800.627s] Level 5:colcon.colcon_core.verb:set package 'mia_robotics' build argument 'cmake_target' from command line to 'None'
[10800.627s] Level 5:colcon.colcon_core.verb:set package 'mia_robotics' build argument 'cmake_target_skip_unavailable' from command line to 'False'
[10800.627s] Level 5:colcon.colcon_core.verb:set package 'mia_robotics' build argument 'cmake_clean_cache' from command line to 'False'
[10800.627s] Level 5:colcon.colcon_core.verb:set package 'mia_robotics' build argument 'cmake_clean_first' from command line to 'False'
[10800.627s] Level 5:colcon.colcon_core.verb:set package 'mia_robotics' build argument 'cmake_force_configure' from command line to 'False'
[10800.627s] Level 5:colcon.colcon_core.verb:set package 'mia_robotics' build argument 'ament_cmake_args' from command line to 'None'
[10800.628s] Level 5:colcon.colcon_core.verb:set package 'mia_robotics' build argument 'catkin_cmake_args' from command line to 'None'
[10800.628s] Level 5:colcon.colcon_core.verb:set package 'mia_robotics' build argument 'catkin_skip_building_tests' from command line to 'False'
[10800.628s] DEBUG:colcon.colcon_core.verb:Building package 'mia_robotics' with the following arguments: {'ament_cmake_args': None, 'build_base': '/home/vboxuser/Desktop/contest repo/competition/build/mia_robotics', 'catkin_cmake_args': None, 'catkin_skip_building_tests': False, 'cmake_args': None, 'cmake_clean_cache': False, 'cmake_clean_first': False, 'cmake_force_configure': False, 'cmake_target': None, 'cmake_target_skip_unavailable': False, 'install_base': '/home/vboxuser/Desktop/contest repo/competition/install/mia_robotics', 'merge_install': False, 'path': '/home/vboxuser/Desktop/contest repo/competition', 'symlink_install': False, 'test_result_base': None}
[10800.628s] INFO:colcon.colcon_core.executor:Executing jobs using 'parallel' executor
[10800.629s] DEBUG:colcon.colcon_parallel_executor.executor.parallel:run_until_complete
[10800.630s] INFO:colcon.colcon_ros.task.ament_python.build:Building ROS package in '/home/vboxuser/Desktop/contest repo/competition' with build type 'ament_python'
[10800.630s] Level 1:colcon.colcon_core.shell:create_environment_hook('mia_robotics', 'ament_prefix_path')
[10800.634s] INFO:colcon.colcon_core.plugin_system:Skipping extension 'colcon_core.shell.bat': Not used on non-Windows systems
[10800.635s] INFO:colcon.colcon_core.shell:Creating environment hook '/home/vboxuser/Desktop/contest repo/competition/install/mia_robotics/share/mia_robotics/hook/ament_prefix_path.ps1'
[10800.637s] INFO:colcon.colcon_core.shell:Creating environment descriptor '/home/vboxuser/Desktop/contest repo/competition/install/mia_robotics/share/mia_robotics/hook/ament_prefix_path.dsv'
[10800.640s] INFO:colcon.colcon_core.shell:Creating environment hook '/home/vboxuser/Desktop/contest repo/competition/install/mia_robotics/share/mia_robotics/hook/ament_prefix_path.sh'
[10800.642s] INFO:colcon.colcon_core.shell:Skip shell extension 'powershell' for command environment: Not usable outside of PowerShell
[10800.642s] DEBUG:colcon.colcon_core.shell:Skip shell extension 'dsv' for command environment
[10801.258s] INFO:colcon.colcon_core.task.python.build:Building Python package in '/home/vboxuser/Desktop/contest repo/competition'
[10801.258s] INFO:colcon.colcon_core.shell:Skip shell extension 'powershell' for command environment: Not usable outside of PowerShell
[10801.258s] DEBUG:colcon.colcon_core.shell:Skip shell extension 'dsv' for command environment
[10802.685s] DEBUG:colcon.colcon_core.task.python.build:Available setuptools commands: clean, build_py, install_headers, dist_info, bdist_egg, saveopts, install_lib, bdist, install_egg_info, rotate, bdist_wheel, egg_info, editable_wheel, setopt, bdist_dumb, update_catalog, build, build_clib, sdist, install, build_ext, alias, compile_catalog, install_scripts, symlink_data, init_catalog, bdist_rpm, easy_install, extract_messages, check, build_scripts, develop, install_data
[10802.692s] DEBUG:colcon.colcon_core.event_handler.log_command:Invoking command in '/home/vboxuser/Desktop/contest repo/competition': DEBUGINFOD_URLS=https://debuginfod.ubuntu.com PYTHONPATH=/home/vboxuser/Desktop/contest repo/competition/build/mia_robotics/prefix_override:/usr/lib/python3/dist-packages/colcon_core/task/python/colcon_distutils_commands:/home/vboxuser/Desktop/contest repo/competition/install/mia_robotics/lib/python3.12/site-packages:${PYTHONPATH} /usr/bin/python3 -W ignore:setup.py install is deprecated -W ignore:easy_install command is deprecated setup.py egg_info --egg-base build/mia_robotics build --build-base /home/vboxuser/Desktop/contest repo/competition/build/mia_robotics/build install --record /home/vboxuser/Desktop/contest repo/competition/build/mia_robotics/install.log --install-scripts $base/lib/mia_robotics --single-version-externally-managed install_data
[10804.199s] DEBUG:colcon.colcon_core.event_handler.log_command:Invoked command in '/home/vboxuser/Desktop/contest repo/competition' returned '0': DEBUGINFOD_URLS=https://debuginfod.ubuntu.com PYTHONPATH=/home/vboxuser/Desktop/contest repo/competition/build/mia_robotics/prefix_override:/usr/lib/python3/dist-packages/colcon_core/task/python/colcon_distutils_commands:/home/vboxuser/Desktop/contest repo/competition/install/mia_robotics/lib/python3.12/site-packages:${PYTHONPATH} /usr/bin/python3 -W ignore:setup.py install is deprecated -W ignore:easy_install command is deprecated setup.py egg_info --egg-base build/mia_robotics build --build-base /home/vboxuser/Desktop/contest repo/competition/build/mia_robotics/build install --record /home/vboxuser/Desktop/contest repo/competition/build/mia_robotics/install.log --install-scripts $base/lib/mia_robotics --single-version-externally-managed install_data
[10804.205s] Level 1:colcon.colcon_core.environment:checking '/home/vboxuser/Desktop/contest repo/competition/install/mia_robotics' for CMake module files
[10804.207s] Level 1:colcon.colcon_core.environment:checking '/home/vboxuser/Desktop/contest repo/competition/install/mia_robotics' for CMake config files
[10804.212s] Level 1:colcon.colcon_core.environment:checking '/home/vboxuser/Desktop/contest repo/competition/install/mia_robotics/lib'
[10804.212s] Level 1:colcon.colcon_core.environment:checking '/home/vboxuser/Desktop/contest repo/competition/install/mia_robotics/bin'
[10804.213s] Level 1:colcon.colcon_core.environment:checking '/home/vboxuser/Desktop/contest repo/competition/install/mia_robotics/lib/pkgconfig/mia_robotics.pc'
[10804.213s] Level 1:colcon.colcon_core.environment:checking '/home/vboxuser/Desktop/contest repo/competition/install/mia_robotics/lib/python3.12/site-packages'
[10804.214s] Level 1:colcon.colcon_core.shell:create_environment_hook('mia_robotics', 'pythonpath')
[10804.214s] INFO:colcon.colcon_core.shell:Creating environment hook '/home/vboxuser/Desktop/contest repo/competition/install/mia_robotics/share/mia_robotics/hook/pythonpath.ps1'
[10804.215s] INFO:colcon.colcon_core.shell:Creating environment descriptor '/home/vboxuser/Desktop/contest repo/competition/install/mia_robotics/share/mia_robotics/hook/pythonpath.dsv'
[10804.216s] INFO:colcon.colcon_core.shell:Creating environment hook '/home/vboxuser/Desktop/contest repo/competition/install/mia_robotics/share/mia_robotics/hook/pythonpath.sh'
[10804.218s] Level 1:colcon.colcon_core.environment:checking '/home/vboxuser/Desktop/contest repo/competition/install/mia_robotics/bin'
[10804.218s] Level 1:colcon.colcon_core.environment:create_environment_scripts_only(mia_robotics)
[10804.218s] INFO:colcon.colcon_core.shell:Creating package script '/home/vboxuser/Desktop/contest repo/competition/install/mia_robotics/share/mia_robotics/package.ps1'
[10804.222s] INFO:colcon.colcon_core.shell:Creating package descriptor '/home/vboxuser/Desktop/contest repo/competition/install/mia_robotics/share/mia_robotics/package.dsv'
[10804.225s] INFO:colcon.colcon_core.shell:Creating package script '/home/vboxuser/Desktop/contest repo/competition/install/mia_robotics/share/mia_robotics/package.sh'
[10804.228s] INFO:colcon.colcon_core.shell:Creating package script '/home/vboxuser/Desktop/contest repo/competition/install/mia_robotics/share/mia_robotics/package.bash'
[10804.230s] INFO:colcon.colcon_core.shell:Creating package script '/home/vboxuser/Desktop/contest repo/competition/install/mia_robotics/share/mia_robotics/package.zsh'
[10804.232s] Level 1:colcon.colcon_core.environment:create_file_with_runtime_dependencies(/home/vboxuser/Desktop/contest repo/competition/install/mia_robotics/share/colcon-core/packages/mia_robotics)
[10804.233s] DEBUG:colcon.colcon_parallel_executor.executor.parallel:closing loop
[10804.234s] DEBUG:colcon.colcon_parallel_executor.executor.parallel:loop closed
[10804.234s] DEBUG:colcon.colcon_parallel_executor.executor.parallel:run_until_complete finished with '0'
[10804.234s] DEBUG:colcon.colcon_core.event_reactor:joining thread
[10804.244s] INFO:colcon.colcon_core.plugin_system:Skipping extension 'colcon_notification.desktop_notification.terminal_notifier': Not used on non-Darwin systems
[10804.245s] INFO:colcon.colcon_core.plugin_system:Skipping extension 'colcon_notification.desktop_notification.win32': Not used on non-Windows systems
[10804.245s] INFO:colcon.colcon_notification.desktop_notification:Sending desktop notification using 'notify2'
[10804.275s] DEBUG:colcon.colcon_core.event_reactor:joined thread
[10804.276s] INFO:colcon.colcon_core.shell:Creating prefix script '/home/vboxuser/Desktop/contest repo/competition/install/local_setup.ps1'
[10804.278s] INFO:colcon.colcon_core.shell:Creating prefix util module '/home/vboxuser/Desktop/contest repo/competition/install/_local_setup_util_ps1.py'
[10804.281s] INFO:colcon.colcon_core.shell:Creating prefix chain script '/home/vboxuser/Desktop/contest repo/competition/install/setup.ps1'
[10804.285s] INFO:colcon.colcon_core.shell:Creating prefix script '/home/vboxuser/Desktop/contest repo/competition/install/local_setup.sh'
[10804.287s] INFO:colcon.colcon_core.shell:Creating prefix util module '/home/vboxuser/Desktop/contest repo/competition/install/_local_setup_util_sh.py'
[10804.288s] INFO:colcon.colcon_core.shell:Creating prefix chain script '/home/vboxuser/Desktop/contest repo/competition/install/setup.sh'
[10804.292s] INFO:colcon.colcon_core.shell:Creating prefix script '/home/vboxuser/Desktop/contest repo/competition/install/local_setup.bash'
[10804.293s] INFO:colcon.colcon_core.shell:Creating prefix chain script '/home/vboxuser/Desktop/contest repo/competition/install/setup.bash'
[10804.296s] INFO:colcon.colcon_core.shell:Creating prefix script '/home/vboxuser/Desktop/contest repo/competition/install/local_setup.zsh'
[10804.297s] INFO:colcon.colcon_core.shell:Creating prefix chain script '/home/vboxuser/Desktop/contest repo/competition/install/setup.zsh'
